2026-07-06 19:28:59,688 INFO Speech completed
2026-07-06 19:29:14,074 INFO Start listening
2026-07-06 19:29:21,793 INFO End listening
2026-07-06 19:29:21,796 INFO Speech completed
2026-07-06 19:29:35,834 INFO Speech completed
2026-07-06 19:46:36,372 INFO Start listening
2026-07-06 19:46:41,379 INFO End listening
2026-07-06 19:46:41,407 INFO Speech completed
2026-07-06 22:24:59,953 INFO Start listening
2026-07-06 22:25:04,919 INFO End listening
2026-07-06 22:25:04,922 INFO Speech completed
2026-07-06 22:25:09,314 INFO Speech completed
2026-07-06 22:25:18,486 INFO Start listening
2026-07-06 22:25:23,966 INFO End listening
2026-07-06 22:25:23,968 INFO Speech completed
2026-07-06 22:25:27,646 INFO Speech completed
2026-07-06 22:25:35,600 INFO Start listening
2026-07-06 22:25:44,753 INFO End listening
2026-07-06 22:25:44,755 INFO Speech completed
2026-07-06 22:25:49,752 INFO Speech completed
2026-07-07 20:30:43,737 INFO Speech completed
2026-07-07 20:31:02,399 INFO Speech completed
2026-07-07 20:31:31,041 INFO Speech completed
2026-07-07 20:33:48,398 INFO Speech completed
2026-07-07 21:17:29,271 INFO Start listening
2026-07-07 21:17:32,725 WARNING Speech was not recognized
2026-07-07 21:17:32,725 INFO End listening
2026-07-07 21:17:59,274 INFO Start listening
2026-07-07 21:18:03,685 INFO End listening
2026-07-07 21:18:17,076 INFO Start listening
2026-07-07 21:18:23,857 INFO End listening
2026-07-12 20:15:54,472 INFO Start listening
2026-07-12 20:15:59,577 INFO End listening
2026-07-12 20:16:09,281 INFO Start listening
2026-07-12 20:16:16,528 INFO End listening
2026-07-19 08:32:18,827 INFO Start listening
2026-07-19 08:32:24,971 INFO End listening
2026-07-19 08:32:34,959 INFO Start listening
2026-07-19 08:32:42,699 WARNING Speech was not recognized
2026-07-19 08:32:42,700 INFO End listening
2026-07-19 08:33:21,573 INFO Start listening
2026-07-19 08:33:27,182 INFO End listening
2026-07-19 08:36:25,959 INFO Start listening
2026-07-19 08:36:29,102 WARNING Speech was not recognized
2026-07-19 08:36:29,103 INFO End listening
2026-07-19 08:50:15,623 INFO Start listening
2026-07-19 08:50:21,259 INFO End listening
2026-07-19 08:50:27,047 INFO Start listening
2026-07-19 08:50:34,827 INFO End listening
2026-07-19 08:50:37,865 INFO Start listening
2026-07-19 08:50:46,505 WARNING Voice listening timed out
2026-07-19 08:50:46,505 INFO End listening
2026-07-19 09:00:02,028 ERROR Wake word detection error: [WinError 10053] An established connection was aborted by the software in your host machine
2026-07-19 09:00:13,556 ERROR Wake word detection error: recognition connection failed: [Errno 11001] getaddrinfo failed
2026-07-19 09:00:15,379 ERROR Wake word detection error: recognition connection failed: [Errno 11001] getaddrinfo failed
2026-07-19 09:00:21,222 ERROR Wake word detection error: recognition connection failed: [Errno 11001] getaddrinfo failed
2026-07-19 09:00:24,942 ERROR Wake word detection error: recognition connection failed: [Errno 11001] getaddrinfo failed
2026-07-19 09:00:28,724 ERROR Wake word detection error: recognition connection failed: [Errno 11001] getaddrinfo failed
2026-07-19 09:00:39,611 ERROR Wake word detection error: recognition connection failed: [Errno 11001] getaddrinfo failed
2026-07-19 09:00:41,551 ERROR Wake word detection error: recognition connection failed: [Errno 11001] getaddrinfo failed
2026-07-19 09:00:55,161 ERROR Wake word detection error: recognition connection failed: [Errno 11001] getaddrinfo failed
2026-07-19 09:01:02,182 ERROR Wake word detection error: recognition connection failed: [Errno 11001] getaddrinfo failed
2026-07-19 09:01:07,991 ERROR Wake word detection error: recognition connection failed: [Errno 11001] getaddrinfo failed
2026-07-19 09:01:12,951 ERROR Wake word detection error: recognition connection failed: [Errno 11001] getaddrinfo failed
2026-07-19 09:01:19,601 ERROR Wake word detection error: recognition connection failed: [Errno 11001] getaddrinfo failed
2026-07-19 10:56:24,079 INFO Wake word listener started
2026-07-19 10:56:47,198 INFO Voice listening started
2026-07-19 10:56:49,068 INFO Voice listening started
2026-07-19 10:56:49,069 ERROR Listening failed: This audio source is already inside a context manager
2026-07-19 10:56:49,069 ERROR Recognition error: Unable to access microphone: This audio source is already inside a context manager
2026-07-19 10:56:50,864 INFO Voice listening started
2026-07-19 10:56:50,865 ERROR Listening failed: This audio source is already inside a context manager
2026-07-19 10:56:50,865 ERROR Recognition error: Unable to access microphone: This audio source is already inside a context manager
2026-07-19 10:56:56,891 WARNING Speech was not recognized
2026-07-19 10:56:56,892 INFO Voice listening completed
2026-07-19 10:57:48,673 INFO Voice listening started
2026-07-19 10:57:56,634 INFO Voice listening started
2026-07-19 10:57:56,635 ERROR Listening failed: This audio source is already inside a context manager
2026-07-19 10:57:56,635 ERROR Recognition error: Unable to access microphone: This audio source is already inside a context manager
2026-07-19 10:57:57,262 WARNING Voice listening timed out
2026-07-19 10:57:57,262 INFO Voice listening completed
2026-07-19 10:58:57,304 INFO Voice listening started
2026-07-19 10:59:05,111 INFO Voice listening completed
2026-07-19 10:59:46,396 INFO Voice listening started
2026-07-19 10:59:53,856 INFO Voice listening completed
2026-07-19 11:00:18,642 INFO Voice listening started
2026-07-19 11:00:22,833 INFO Voice listening completed
2026-07-19 11:00:37,412 INFO Voice listening started
2026-07-19 11:00:37,480 ERROR Wake word detection error: 'NoneType' object has no attribute 'close'
2026-07-19 11:11:44,489 INFO Wake word listener started
2026-07-19 11:12:09,752 INFO Voice listening started
2026-07-19 11:12:13,578 WARNING Speech was not recognized
2026-07-19 11:12:13,578 INFO Voice listening completed
2026-07-19 11:12:47,656 INFO Voice listening started
2026-07-19 11:12:55,152 INFO Voice listening completed
2026-07-19 11:16:30,576 INFO Wake word listener started
2026-07-19 11:16:45,174 INFO Voice listening started
2026-07-19 11:16:50,055 INFO Voice listening completed
2026-07-19 11:16:55,513 INFO Speech completed
2026-07-19 11:17:07,967 INFO Voice listening started
2026-07-19 11:17:12,912 INFO Voice listening completed
2026-07-19 11:17:18,028 INFO Speech completed
2026-07-19 11:20:43,663 INFO Wake word listener started
2026-07-19 11:20:50,348 INFO Voice listening started
2026-07-19 11:20:57,163 INFO Voice listening completed
2026-07-19 11:21:13,433 INFO Speech completed
2026-07-20 20:47:05,494 INFO Wake word listener started
2026-07-20 20:47:35,251 INFO Speech completed
2026-07-20 20:47:47,342 INFO Speech completed
2026-07-20 20:53:45,343 INFO Voice listening started
2026-07-20 20:53:54,171 INFO Voice listening completed
2026-07-20 20:54:02,000 INFO Speech completed
2026-07-20 20:55:01,991 INFO Voice listening started
2026-07-20 20:55:12,383 INFO Voice listening completed
2026-07-20 20:55:16,014 INFO Speech completed
2026-07-20 20:56:36,537 INFO Voice listening started
2026-07-20 20:56:48,187 INFO Voice listening completed
2026-07-20 20:56:51,698 INFO Speech completed
2026-07-20 21:00:38,328 INFO Voice listening started
2026-07-20 21:00:43,150 INFO Voice listening completed
2026-07-20 21:00:46,051 INFO Speech completed
2026-07-20 21:01:28,384 ERROR Wake word detection error: [WinError 10053] An established connection was aborted by the software in your host machine
2026-07-20 21:03:18,773 INFO Wake word listener started
2026-07-20 21:03:37,782 INFO Voice listening started
2026-07-20 21:03:40,584 WARNING Speech was not recognized
2026-07-20 21:03:40,584 INFO Voice listening completed
2026-07-20 21:03:44,356 INFO Speech completed
2026-07-20 21:03:44,365 INFO Voice listening started
2026-07-20 21:03:50,826 INFO Voice listening completed
2026-07-20 21:03:58,013 INFO Speech completed
2026-07-20 21:04:00,017 INFO Voice listening started
2026-07-20 21:04:07,055 INFO Voice listening completed
2026-07-20 21:04:13,966 INFO Speech completed
2026-07-20 21:08:32,849 INFO Voice listening started
2026-07-20 21:08:39,281 INFO Voice listening completed
2026-07-20 21:08:46,343 INFO Voice listening started
2026-07-20 21:08:46,707 INFO Speech completed
2026-07-20 21:08:53,879 INFO Voice listening completed
2026-07-20 21:09:01,201 INFO Speech completed
2026-07-20 21:09:49,812 INFO Voice listening started
2026-07-20 21:09:55,851 INFO Voice listening completed
2026-07-20 21:10:02,820 INFO Speech completed
2026-07-20 21:11:26,136 INFO Wake word listener started
2026-07-20 21:11:34,904 INFO Voice listening started
2026-07-20 21:11:40,829 INFO Voice listening completed
2026-07-20 21:11:44,489 INFO Speech completed
2026-07-20 21:12:17,406 INFO Voice listening started
2026-07-20 21:12:25,048 INFO Voice listening completed
2026-07-20 21:12:28,646 INFO Speech completed
2026-07-20 21:14:35,880 INFO Wake word listener started
2026-07-20 21:14:47,850 INFO Voice listening started
2026-07-20 21:14:53,992 INFO Voice listening completed
2026-07-20 21:14:57,160 INFO Speech completed
2026-07-20 21:20:37,885 INFO Wake word listener started
2026-07-20 21:20:53,711 INFO Voice listening started
2026-07-20 21:21:03,178 INFO Voice listening completed
2026-07-20 21:21:13,009 INFO Voice listening started
2026-07-20 21:21:17,667 INFO Speech completed
2026-07-20 21:21:18,643 WARNING Speech was not recognized
2026-07-20 21:21:18,644 INFO Voice listening completed
2026-07-20 21:21:22,144 INFO Speech completed
2026-07-20 21:21:23,057 INFO Voice listening started
2026-07-20 21:21:29,460 INFO Voice listening completed
2026-07-20 21:21:32,885 INFO Speech completed
2026-07-20 21:22:56,169 INFO Wake word listener started
2026-07-20 21:23:15,764 INFO Voice listening started
2026-07-20 21:23:16,973 INFO Speech completed
2026-07-20 21:23:20,529 INFO Voice listening completed
2026-07-20 21:23:28,465 INFO Speech completed
2026-08-07 18:43:12,943 INFO Wake word listener started
2026-08-07 18:43:18,516 INFO Voice listening started
2026-08-07 18:43:21,637 INFO Voice listening completed
2026-08-07 18:43:36,827 INFO Voice listening started
2026-08-07 18:43:47,832 INFO Wake word listener started
2026-08-07 18:43:55,157 INFO Voice listening started
2026-08-07 18:44:01,154 INFO Voice listening completed
2026-08-07 18:44:15,505 INFO Speech completed
2026-08-07 18:44:32,877 INFO Speech completed
2026-08-07 18:45:06,316 INFO Voice listening started
2026-08-07 18:45:10,390 WARNING Speech was not recognized
2026-08-07 18:45:10,391 INFO Voice listening completed
2026-08-07 18:45:14,080 INFO Speech completed
2026-08-07 18:45:21,752 INFO Voice listening started
2026-08-07 18:45:30,654 WARNING Voice listening timed out
2026-08-07 18:45:30,656 INFO Voice listening completed
2026-08-07 18:45:34,433 INFO Speech completed
2026-08-07 18:46:14,813 INFO Wake word listener started
2026-08-07 18:46:50,280 INFO Speech completed
2026-08-07 18:46:52,311 INFO Speech completed
2026-08-07 18:46:52,815 INFO Voice listening started
2026-08-07 18:46:54,677 INFO Voice listening started
2026-08-07 18:46:54,680 ERROR Listening failed: This audio source is already inside a context manager
2026-08-07 18:46:54,681 ERROR Recognition error: Unable to access microphone: This audio source is already inside a context manager
2026-08-07 18:46:57,898 INFO Speech completed
2026-08-07 18:46:59,080 INFO Voice listening started
2026-08-07 18:46:59,080 ERROR Listening failed: This audio source is already inside a context manager
2026-08-07 18:46:59,081 ERROR Recognition error: Unable to access microphone: This audio source is already inside a context manager
2026-08-07 18:47:01,771 WARNING Voice listening timed out
2026-08-07 18:47:01,772 INFO Voice listening completed
2026-08-07 18:47:02,616 INFO Speech completed
2026-08-07 18:47:06,191 INFO Speech completed
2026-08-07 18:47:29,986 INFO Speech completed
2026-08-07 18:48:00,700 INFO Speech completed
2026-08-07 18:49:29,174 INFO Wake word listener started
2026-08-07 18:54:16,272 INFO Voice listening started
2026-08-07 18:54:22,374 INFO Voice listening completed
2026-08-07 18:54:37,078 INFO Speech completed
2026-08-07 18:55:02,649 INFO Wake word listener started
2026-08-07 18:55:21,854 INFO Voice listening started
2026-08-07 18:55:27,984 INFO Voice listening completed
2026-08-07 18:55:37,996 INFO Speech completed
2026-08-07 18:56:42,997 INFO Wake word listener started
2026-08-07 18:57:11,422 INFO Speech completed
2026-08-07 18:58:05,608 INFO Wake word listener started
2026-08-07 19:00:02,553 INFO Wake word listener started
2026-08-07 19:00:40,236 INFO Speech completed
2026-08-07 19:09:12,039 INFO Wake word listener started
2026-08-07 19:09:43,837 INFO Speech completed
2026-08-07 19:10:10,517 INFO Speech completed
2026-08-07 19:10:54,443 INFO Speech completed
2026-08-07 19:12:24,717 INFO Speech completed
2026-08-07 19:14:30,337 INFO Voice listening started
2026-08-07 19:14:33,634 INFO Voice listening completed
2026-08-07 19:14:36,150 INFO Speech completed
2026-08-07 19:14:43,052 INFO Voice listening started
2026-08-07 19:14:49,414 INFO Voice listening completed
2026-08-07 19:14:57,897 INFO Speech completed
2026-08-07 19:23:46,891 ERROR Wake word detection error: [WinError 10054] An existing connection was forcibly closed by the remote host
2026-08-07 19:31:58,348 INFO Wake word listener started
2026-08-07 19:32:09,844 INFO Wake word listener started
2026-08-07 19:32:14,697 INFO Voice listening started
2026-08-07 19:32:26,977 INFO Voice listening completed
2026-08-07 19:32:33,286 INFO Speech completed
2026-08-07 19:32:55,446 INFO Voice listening started
2026-08-07 19:33:00,594 INFO Voice listening completed
2026-08-07 20:21:18,599 INFO Wake word listener started
2026-08-07 20:21:22,555 INFO Voice listening started
2026-08-07 20:21:30,120 INFO Voice listening completed
2026-08-07 20:21:35,576 INFO Speech completed
2026-08-07 20:21:48,779 INFO Speech completed
2026-08-07 20:41:46,967 INFO Wake word listener started
2026-08-07 20:42:19,716 INFO Speech completed
2026-08-07 20:42:37,532 INFO Speech completed
2026-08-07 20:54:18,956 INFO Wake word listener started
2026-08-07 20:54:46,590 INFO Speech completed
2026-08-07 20:56:24,120 INFO Speech completed
2026-08-07 20:56:28,557 INFO Speech completed
2026-08-07 20:56:54,107 INFO Speech completed
2026-08-07 20:57:56,902 INFO Speech completed
2026-08-07 20:58:50,796 INFO Wake word listener started
2026-08-07 20:59:28,170 INFO Speech completed
2026-08-07 21:08:45,034 INFO Speech completed
2026-08-07 21:09:57,056 INFO Speech completed
2026-08-07 21:10:10,767 INFO Speech completed
2026-08-07 21:10:14,574 INFO Speech completed
2026-08-07 21:10:47,155 INFO Speech completed
2026-08-07 21:14:22,541 INFO Wake word listener started
2026-08-07 21:15:13,965 INFO Speech completed
2026-08-07 21:17:13,369 ERROR Wake word detection error: recognition connection failed: [Errno 11001] getaddrinfo failed
2026-08-07 21:17:17,883 ERROR Wake word detection error: recognition connection failed: [Errno 11001] getaddrinfo failed
2026-08-07 22:45:05,473 ERROR Wake word detection error: recognition connection failed: [Errno 11001] getaddrinfo failed
2026-08-07 22:45:08,085 ERROR Wake word detection error: recognition connection failed: [Errno 11001] getaddrinfo failed
2026-08-07 22:45:15,446 ERROR Wake word detection error: recognition connection failed: [Errno 11001] getaddrinfo failed
2026-08-07 22:45:17,917 ERROR Wake word detection error: recognition connection failed: [Errno 11001] getaddrinfo failed
2026-08-07 22:45:20,159 ERROR Wake word detection error: recognition connection failed: [Errno 11001] getaddrinfo failed
2026-08-08 20:04:02,657 INFO Wake word listener started
2026-08-08 20:04:26,259 INFO Voice listening started
2026-08-08 20:04:36,458 INFO Voice listening completed
2026-08-08 20:04:49,570 INFO Speech completed
2026-08-08 20:07:48,737 INFO Wake word listener started
2026-08-08 20:09:13,290 INFO Voice listening started
2026-08-08 20:09:26,958 INFO Voice listening completed
2026-08-08 20:09:38,838 INFO Speech completed
2026-08-08 20:53:57,717 INFO Wake word listener started
2026-08-08 20:54:12,192 INFO Voice listening started
2026-08-08 20:54:23,862 INFO Voice listening completed
2026-08-08 20:54:34,058 INFO Speech completed
2026-08-08 20:55:52,318 INFO Speech completed
2026-08-08 21:28:58,621 INFO Wake word listener started
2026-08-08 21:29:23,634 INFO Speech completed
2026-08-08 21:30:03,197 INFO Speech completed
2026-08-08 21:30:10,956 INFO Speech completed
2026-08-08 21:30:29,003 INFO Speech completed
2026-08-08 21:30:41,808 INFO Speech completed
2026-08-10 18:06:24,012 INFO Wake word listener started
2026-08-10 18:06:36,881 INFO Voice listening started
2026-08-10 18:06:42,277 INFO Voice listening completed
2026-08-10 18:06:45,090 INFO Speech completed
2026-08-10 18:06:55,247 INFO Voice listening started
2026-08-10 18:06:58,447 INFO Voice listening completed
2026-08-10 18:07:01,323 INFO Speech completed
2026-08-10 18:07:05,029 INFO Voice listening started
2026-08-10 18:07:09,058 INFO Voice listening completed
2026-08-10 18:07:11,904 INFO Speech completed
2026-08-10 18:07:15,067 INFO Voice listening started
2026-08-10 18:07:18,619 INFO Voice listening completed
2026-08-10 18:07:25,778 INFO Speech completed
2026-08-10 18:07:31,609 INFO Voice listening started
2026-08-10 18:07:34,745 INFO Voice listening completed
2026-08-10 18:07:37,717 INFO Speech completed
2026-08-10 19:08:49,654 INFO Wake word listener started
2026-08-10 19:08:56,474 INFO Voice listening started
2026-08-10 19:09:05,394 INFO Voice listening completed
2026-08-10 19:09:14,631 INFO Voice listening started
2026-08-10 19:09:25,211 INFO Voice listening completed
2026-08-10 19:13:17,585 INFO Voice listening started
2026-08-10 19:13:26,922 INFO Voice listening completed
2026-08-10 19:13:34,664 INFO Speech completed
2026-08-10 19:13:37,017 INFO Voice listening started
2026-08-10 19:13:44,655 INFO Voice listening completed
2026-08-10 19:15:43,470 INFO Voice listening started
2026-08-10 19:15:52,349 INFO Voice listening completed
2026-08-10 19:23:46,644 INFO Wake word listener started
2026-08-10 19:23:54,928 INFO Voice listening started
2026-08-10 19:24:03,862 INFO Voice listening completed
2026-08-10 19:24:20,987 INFO Voice listening started
2026-08-10 19:24:22,661 INFO Speech completed
2026-08-10 19:24:27,159 INFO Voice listening completed
2026-08-10 19:24:33,900 INFO Speech completed
2026-08-10 19:24:39,435 INFO Voice listening started
2026-08-10 19:24:49,526 INFO Voice listening completed
2026-08-10 19:24:55,964 INFO Speech completed
2026-08-10 19:25:28,841 INFO Speech completed
2026-08-10 19:29:03,162 INFO Speech completed
2026-08-10 19:30:21,075 INFO Speech completed
2026-08-11 20:08:52,230 INFO Wake word listener started
2026-08-11 20:08:58,688 INFO Voice listening started
2026-08-11 20:09:04,481 INFO Voice listening completed
2026-08-11 20:09:24,616 INFO Speech completed
2026-08-11 20:09:26,765 INFO Voice listening started
2026-08-11 20:09:32,029 INFO Voice listening completed
2026-08-11 20:09:37,804 INFO Voice listening started
2026-08-11 20:09:41,439 INFO Voice listening completed
2026-08-11 20:09:52,246 INFO Speech completed
2026-08-12 19:48:02,855 INFO Wake word listener started
2026-08-12 19:48:21,062 INFO Voice listening started
2026-08-12 19:48:29,531 INFO Voice listening completed
2026-08-12 19:48:46,229 INFO Voice listening started
2026-08-12 19:48:48,894 INFO Speech completed
2026-08-12 19:48:50,717 INFO Voice listening completed
2026-08-12 19:48:54,831 INFO Speech completed
2026-08-12 19:49:07,741 INFO Voice listening started
2026-08-12 19:49:13,905 INFO Voice listening completed
2026-08-12 19:49:21,158 INFO Speech completed
2026-08-12 19:49:27,190 INFO Voice listening started
2026-08-12 19:49:31,569 INFO Voice listening completed
2026-08-12 19:49:35,172 INFO Speech completed
2026-08-12 19:49:51,343 INFO Voice listening started
2026-08-12 19:49:57,481 INFO Voice listening completed
2026-08-12 19:50:06,136 INFO Speech completed
2026-08-12 19:57:05,840 INFO Wake word listener started
2026-08-12 19:57:34,943 INFO Speech completed
2026-08-12 19:57:43,322 INFO Voice listening started
2026-08-12 19:57:49,179 INFO Voice listening completed
2026-08-12 19:58:07,660 INFO Speech completed
2026-08-12 20:09:02,606 INFO Wake word listener started
2026-08-12 20:09:35,329 INFO Speech completed
2026-08-12 20:10:14,631 INFO Speech completed
2026-08-12 20:21:07,812 INFO Speech completed
2026-08-12 20:28:08,630 INFO Speech completed
2026-08-12 20:37:11,056 INFO Speech completed
2026-08-12 20:37:50,429 INFO Wake word listener started
2026-08-12 20:39:05,627 INFO Speech completed
2026-08-12 20:54:17,498 INFO Wake word listener started
2026-08-12 21:38:16,673 INFO Wake word listener started
2026-08-12 21:38:39,944 INFO Voice listening started
2026-08-12 21:38:43,376 WARNING Speech was not recognized
2026-08-12 21:38:43,376 INFO Voice listening completed
2026-08-17 21:35:09,493 INFO Wake word listener started
2026-08-17 21:35:26,017 INFO Voice listening started
2026-08-17 21:35:32,128 WARNING Speech was not recognized
2026-08-17 21:35:32,128 INFO Voice listening completed
2026-08-17 21:35:36,420 INFO Speech completed
2026-08-17 21:35:40,353 INFO Voice listening started
2026-08-17 21:35:48,511 INFO Voice listening completed
2026-08-17 21:35:55,640 INFO Speech completed
2026-08-17 21:36:53,518 INFO Voice listening started
2026-08-17 21:37:03,877 INFO Voice listening completed
2026-08-17 21:37:06,923 INFO Speech completed
2026-08-17 21:38:37,778 INFO Voice listening started
2026-08-17 21:38:43,613 WARNING Speech was not recognized
2026-08-17 21:38:43,614 INFO Voice listening completed
2026-08-17 21:38:47,592 INFO Speech completed
2026-09-04 20:30:33,000 INFO Wake word listener started
2026-09-04 20:31:02,257 INFO Speech completed
2026-09-04 20:56:25,107 INFO Speech completed
2026-09-04 20:56:44,967 INFO Speech completed
2026-09-05 09:34:31,352 INFO Wake word listener started
2026-09-05 09:34:58,270 INFO Wake word listener started
2026-09-05 09:35:49,017 INFO Wake word listener started
2026-09-05 09:48:18,871 INFO Speech completed
2026-09-05 09:48:28,387 INFO Speech completed
2026-09-05 10:34:55,907 INFO Wake word listener started
2026-09-05 10:38:04,940 INFO Wake word listener started
2026-09-05 10:42:57,024 INFO Wake word listener started
2026-09-05 11:24:42,586 INFO Wake word listener started
2026-09-05 11:24:50,399 INFO Voice listening started
2026-09-05 11:24:55,643 INFO Voice listening completed
2026-09-05 11:25:10,520 INFO Voice listening started
2026-09-05 11:25:10,629 INFO Speech completed
2026-09-05 11:25:16,502 INFO Voice listening completed
2026-09-05 11:39:21,329 INFO Wake word listener started
2026-09-05 11:39:35,909 INFO Speech completed
2026-09-05 11:40:47,865 INFO Speech completed
2026-09-05 11:40:59,513 INFO Speech completed
2026-09-05 11:41:13,250 INFO Speech completed
2026-09-05 11:41:24,961 INFO Speech completed
2026-09-05 11:41:33,708 INFO Speech completed
2026-09-05 11:41:53,003 INFO Speech completed
2026-09-05 11:42:02,258 INFO Speech completed
2026-09-05 11:42:09,088 INFO Speech completed
2026-09-05 11:42:11,280 INFO Speech completed
2026-09-07 20:46:58,918 INFO Wake word listener started
2026-09-07 20:47:32,474 INFO Speech completed
2026-09-07 20:47:51,589 INFO Voice listening started
2026-09-07 20:47:58,736 INFO Voice listening completed
2026-09-07 20:48:03,127 INFO Speech completed
2026-09-07 20:48:07,111 INFO Voice listening started
2026-09-07 20:48:11,596 INFO Voice listening completed
2026-09-07 20:48:14,050 INFO Speech completed
2026-09-07 20:48:21,503 INFO Voice listening started
2026-09-07 20:48:25,107 INFO Voice listening completed
2026-09-07 20:48:31,510 INFO Voice listening started
2026-09-07 20:48:33,447 INFO Speech completed
2026-09-07 20:48:36,631 INFO Voice listening completed
2026-09-07 20:48:45,640 INFO Speech completed
2026-09-07 20:48:54,758 INFO Voice listening started
2026-09-07 20:49:00,000 INFO Voice listening completed
2026-09-07 20:49:08,795 INFO Speech completed
2026-09-07 20:49:08,934 INFO Voice listening started
2026-09-07 20:49:12,297 INFO Voice listening completed
2026-09-07 20:49:15,170 INFO Speech completed
2026-09-07 20:49:17,175 INFO Voice listening started
2026-09-07 20:49:20,782 INFO Voice listening completed
2026-09-07 20:49:23,275 INFO Speech completed
2026-09-07 20:49:25,831 INFO Voice listening started
2026-09-07 20:49:29,552 INFO Voice listening completed
2026-09-07 20:49:32,180 INFO Speech completed
2026-09-07 20:49:32,927 INFO Voice listening started
2026-09-07 20:49:39,080 INFO Voice listening completed
2026-09-07 20:49:48,894 INFO Speech completed
2026-09-07 20:53:37,256 INFO Speech completed
2026-09-07 20:53:52,016 INFO Speech completed
2026-09-07 20:53:55,496 INFO Voice listening started
2026-09-07 20:53:59,590 INFO Voice listening completed
2026-09-07 21:03:55,882 INFO Wake word listener started
2026-09-07 21:12:56,249 INFO Wake word listener started
2026-09-07 21:13:28,109 INFO Speech completed
2026-09-07 21:13:56,888 INFO Speech completed
2026-09-07 21:14:14,820 INFO Speech completed
2026-09-07 21:14:23,657 INFO Voice listening started
2026-09-07 21:14:27,197 INFO Voice listening completed
2026-09-07 21:14:29,854 INFO Speech completed
2026-09-07 21:14:43,719 INFO Voice listening started
2026-09-07 21:14:47,510 INFO Voice listening completed
2026-09-07 21:14:51,162 INFO Speech completed
2026-09-07 21:14:57,926 INFO Voice listening started
2026-09-07 21:15:05,032 INFO Voice listening completed
2026-09-07 21:15:10,238 INFO Voice listening started
2026-09-07 21:15:10,490 INFO Speech completed
2026-09-07 21:15:17,242 INFO Voice listening completed
2026-09-07 21:15:22,419 INFO Speech completed
2026-09-07 21:45:13,676 ERROR Wake word detection error: recognition connection failed: [Errno 11001] getaddrinfo failed
2026-09-07 22:06:41,720 INFO Wake word listener started
2026-09-07 22:07:05,713 INFO Speech completed
2026-09-07 22:07:37,422 INFO Speech completed
2026-09-07 22:07:41,837 INFO Speech completed
2026-09-07 22:07:56,999 INFO Voice listening started
2026-09-07 22:07:58,788 INFO Speech completed
2026-09-07 22:08:01,676 INFO Voice listening completed
2026-09-07 22:08:06,469 INFO Voice listening started
2026-09-07 22:08:09,547 INFO Speech completed
2026-09-07 22:08:14,566 INFO Voice listening started
2026-09-07 22:08:14,568 ERROR Listening failed: This audio source is already inside a context manager
2026-09-07 22:08:14,569 ERROR Recognition error: Unable to access microphone: This audio source is already inside a context manager
2026-09-07 22:08:16,703 INFO Voice listening completed
2026-09-07 22:08:18,231 INFO Speech completed
2026-09-07 22:08:18,360 INFO Voice listening started
2026-09-07 22:08:21,705 WARNING Speech was not recognized
2026-09-07 22:08:21,706 INFO Voice listening completed
2026-09-07 22:10:34,980 INFO Wake word listener started
2026-09-07 22:11:32,953 INFO Speech completed
2026-09-07 22:11:49,160 INFO Voice listening started
2026-09-07 22:11:54,155 INFO Voice listening completed
2026-09-07 22:11:57,586 INFO Speech completed
2026-09-07 22:12:04,790 INFO Voice listening started
2026-09-07 22:12:08,178 INFO Voice listening completed
2026-09-07 22:15:49,851 INFO Wake word listener started
2026-09-07 22:24:15,558 INFO Wake word listener started
2026-09-07 22:24:30,265 INFO Speech completed
2026-09-07 22:33:50,295 INFO Wake word listener started
2026-09-07 22:34:11,448 INFO Speech completed
2026-09-07 22:34:17,636 INFO Speech completed
2026-09-07 22:34:21,640 INFO Speech completed
2026-09-07 22:34:30,849 INFO Speech completed
2026-09-07 23:07:02,707 INFO Speech completed
2026-09-07 23:07:17,678 INFO Speech completed
2026-09-07 23:07:30,861 INFO Voice listening started
2026-09-07 23:07:35,861 INFO Voice listening completed
2026-09-07 23:07:38,849 INFO Speech completed
2026-09-07 23:07:41,800 INFO Voice listening started
2026-09-07 23:07:46,358 INFO Voice listening completed
2026-09-07 23:07:48,546 INFO Speech completed
2026-09-07 23:07:51,887 INFO Voice listening started
2026-09-07 23:07:56,260 INFO Voice listening completed
2026-09-07 23:07:59,696 INFO Speech completed
2026-09-07 23:08:06,958 INFO Voice listening started
2026-09-07 23:08:11,571 INFO Voice listening completed
2026-09-07 23:08:15,286 INFO Speech completed
2026-09-07 23:08:27,958 INFO Voice listening started
2026-09-07 23:08:31,509 INFO Voice listening completed
2026-09-07 23:08:33,997 INFO Speech completed
2026-09-07 23:08:36,909 INFO Voice listening started
2026-09-07 23:08:41,765 INFO Voice listening completed
2026-09-07 23:08:45,419 INFO Speech completed
2026-09-07 23:08:47,717 INFO Voice listening started
2026-09-07 23:08:53,471 INFO Voice listening completed
2026-09-07 23:08:58,320 INFO Speech completed
2026-09-07 23:09:24,059 INFO Speech completed
2026-09-07 23:09:50,887 INFO Speech completed
2026-09-07 23:10:18,414 INFO Voice listening started
2026-09-07 23:10:23,387 INFO Voice listening completed
2026-09-07 23:10:26,274 INFO Speech completed
2026-09-07 23:10:30,837 INFO Voice listening started
2026-09-07 23:10:36,153 INFO Voice listening completed
2026-09-07 23:10:39,510 INFO Speech completed
2026-09-07 23:11:28,403 INFO Speech completed
2026-09-07 23:11:34,309 INFO Speech completed
2026-09-08 23:25:13,730 INFO Speech completed
2026-09-08 23:26:08,805 INFO Speech completed
2026-09-08 23:29:48,469 INFO Speech completed
2026-09-08 23:30:08,869 INFO Speech completed
2026-09-08 23:30:24,013 INFO Speech completed
2026-09-10 21:04:57,639 INFO Voice listening started
2026-09-10 21:05:02,382 INFO Voice listening completed
2026-09-10 21:05:05,723 INFO Speech completed
2026-09-10 21:06:56,280 INFO Voice listening started
2026-09-10 21:07:04,982 INFO Voice listening completed
2026-09-10 21:07:10,080 INFO Speech completed
2026-09-10 21:07:11,463 INFO Voice listening started
2026-09-10 21:07:15,733 INFO Voice listening completed
2026-09-10 21:07:17,865 INFO Speech completed
2026-09-10 21:14:51,897 INFO Voice listening started
2026-09-10 21:15:03,319 INFO Voice listening started
2026-09-10 21:15:23,211 INFO Voice listening completed
2026-09-10 21:15:23,896 INFO Voice listening completed
2026-09-10 21:15:27,745 INFO Speech completed
2026-09-10 21:15:31,798 INFO Speech completed
